[36mvite v7.3.1 [32mbuilding client environment for production...[36m[39m
transforming...
[32mΓ£ô[39m 1812 modules transformed.
rendering chunks...
computing gzip size...
[2mdist/[22m[32mindex.html                 [39m[1m[2m  0.95 kB[22m[1m[22m[2m Γöé gzip:   0.51 kB[22m
[2mdist/[22m[35massets/index-DnPZw1hT.css  [39m[1m[2m 38.62 kB[22m[1m[22m[2m Γöé gzip:   6.47 kB[22m
[2mdist/[22m[36massets/index-D9JtWV2r.js   [39m[1m[2m369.37 kB[22m[1m[22m[2m Γöé gzip: 112.56 kB[22m
[32mΓ£ô built in 3.92s[39m
